Archive member included to satisfy reference by file (symbol)

C:/msys32/opt/devkitpro/devkitARM/lib/gcc/arm-none-eabi/9.1.0\libgcc.a(_udivsi3.o)
                              stage_oam_bg.o (__aeabi_uidiv)
C:/msys32/opt/devkitpro/devkitARM/lib/gcc/arm-none-eabi/9.1.0\libgcc.a(_dvmd_tls.o)
                              C:/msys32/opt/devkitpro/devkitARM/lib/gcc/arm-none-eabi/9.1.0\libgcc.a(_udivsi3.o) (__aeabi_idiv0)

Memory Configuration

Name             Origin             Length             Attributes
*default*        0x00000000         0xffffffff

Linker script and memory map

                0x01ff8000                CP_RestoreContext = 0x1ff8000
                0x01ff806c                CP_SaveContext = 0x1ff806c
                0x01ff80e0                OS_DisableIrqMask = 0x1ff80e0
                0x01ff8128                OS_EnableIrqMask = 0x1ff8128
                0x01ff8164                OS_LoadContext = 0x1ff8164
                0x01ff81a8                OS_ResetRequestIrqMask = 0x1ff81a8
                0x01ff81dc                OS_SaveContext = 0x1ff81dc
                0x01ff8228                OS_SetIrqMask = 0x1ff8228
                0x01ff825c                OSi_IrqCallback = 0x1ff825c
                0x01ff8318                OSi_IrqDma2 = 0x1ff8318
                0x01ff8328                OSi_IrqDma3 = 0x1ff8328
                0x01ff8338                OSi_IrqTimer0 = 0x1ff8338
                0x01ff8348                OSi_IrqTimer1 = 0x1ff8348
                0x01ff8358                OSi_IrqTimer2 = 0x1ff8358
                0x01ff8368                OSi_IrqTimer3 = 0x1ff8368
                0x01ff8378                MI_StopDma = 0x1ff8378
                0x01ff83fc                MI_IsDmaBusy = 0x1ff83fc
                0x01ff8420                MI_HBlankDmaCopy16 = 0x1ff8420
                0x01ff8494                MIi_CheckAnotherAutoDMA = 0x1ff8494
                0x01ff8548                OS_WakeupThread = 0x1ff8548
                0x01ff85c8                OSi_RemoveLinkFromQueue = 0x1ff85c8
                0x01ff85fc                OS_RescheduleThread = 0x1ff85fc
                0x01ff86e8                OS_SelectThread = 0x1ff86e8
                0x01ff8c50                G3dDrawInternal_ = 0x1ff8c50
                0x01ff8dd8                G3dDrawInternal_Loop_ = 0x1ff8dd8
                0x01ff8e44                NNS_G3dDraw = 0x1ff8e44
                0x01ff8f20                NNS_G3dGeBufferOP_N = 0x1ff8f20
                0x01ff9010                NNS_G3dGeFlushBuffer = 0x1ff9010
                0x01ff9084                NNS_G3dGeSendDL = 0x1ff9084
                0x01ff9144                NNS_G3dGeWaitSendDL = 0x1ff9144
                0x01ffa244                MI_SendGXCommandAsync = 0x1ffa244
                0x01ffa358                MI_WaitDma = 0x1ffa358
                0x01ffa3c8                MIi_CheckDma0SourceAddress = 0x1ffa3c8
                0x01ffa438                MIi_DMACallback = 0x1ffa438
                0x01ffa4ac                MIi_DmaSetParams = 0x1ffa4ac
                0x01ffa4fc                MIi_FIFOCallback = 0x1ffa4fc
                0x01ffa5c4                OS_DisableInterrupts = 0x1ffa5c4
                0x01ffa5d8                OS_DisableInterrupts_IrqAndFiq = 0x1ffa5d8
                0x01ffa5ec                OS_EnableInterrupts = 0x1ffa5ec
                0x01ffa600                OS_EnableInterrupts_IrqAndFiq = 0x1ffa600
                0x01ffa614                OS_GetIrqFunction = 0x1ffa614
                0x01ffa6a0                OS_GetProcMode = 0x1ffa6a0
                0x01ffa6ac                OS_Halt = 0x1ffa6ac
                0x01ffa6c0                OS_RestoreInterrupts = 0x1ffa6c0
                0x01ffa6d8                OS_RestoreInterrupts_IrqAndFiq = 0x1ffa6d8
                0x01ffa6f0                OS_SetIrqFunction = 0x1ffa6f0
                0x01ffa780                OS_SpinWait = 0x1ffa780
                0x01ffa78c                OSi_EnterDmaCallback = 0x1ffa78c
                0x01ffa7d8                OSi_IdleThreadProc = 0x1ffa7d8
                0x01ffa7ec                PXIi_HandlerRecvFifoNotEmpty = 0x1ffa7ec
                0x01ffa910                PxiFifoCallback = 0x1ffa910
                0x01ffa940                SNDi_CallAlarmHandler = 0x1ffa940
                0x01ffa9a0                OS_GetTick = 0x1ffa9a0
                0x01ffaa50                NNSi_G3dAnmBlendJnt = 0x1ffaa50
                0x01ffad38                NNSi_G3dAnmCalcNsBca = 0x1ffad38
                0x01ffad7c                getJntSRTAnmResult_ = 0x1ffad7c
                0x01ffb15c                getRotDataByIdx_ = 0x1ffb15c
                0x01ffb2f4                getRotData_ = 0x1ffb2f4
                0x01ffb6e4                MTX_Identity22_ = 0x1ffb6e4
                0x01ffb6fc                MTX_Identity33 = 0x1ffb6fc
                0x01ffb720                MTX_Copy33To43 = 0x1ffb720
                0x01ffb74c                MTX_RotX33 = 0x1ffb74c
                0x01ffb768                MTX_RotY33 = 0x1ffb768
                0x01ffb784                MTX_RotZ33 = 0x1ffb784
                0x01ffb79c                MTX_MultVec33 = 0x1ffb79c
                0x01ffb820                MTX_Concat33 = 0x1ffb820
                0x01ffb9bc                MTX_RotAxis33 = 0x1ffb9bc
                0x01ffbb1c                MTX_ScaleApply33 = 0x1ffbb1c
                0x01ffbbe0                MTX_Identity43_ = 0x1ffbbe0
                0x01ffbc08                MTX_Copy43To44_ = 0x1ffbc08
                0x01ffbc3c                MTX_Scale43_ = 0x1ffbc3c
                0x01ffbc54                MTX_RotX43_ = 0x1ffbc54
                0x01ffbc74                MTX_RotY43_ = 0x1ffbc74
                0x01ffbc90                MTX_RotZ43_ = 0x1ffbc90
                0x01ffbcac                MTX_MultVec43 = 0x1ffbcac
                0x01ffbd60                MTX_Concat43 = 0x1ffbd60
                0x01ffbf80                MTX_Inverse43 = 0x1ffbf80
                0x01ffc314                MTX_RotAxis43 = 0x1ffc314
                0x01ffc338                MTX_ScaleApply43 = 0x1ffc338
                0x01ffc378                MTX_Identity44_ = 0x1ffc378
                0x01ffc3a4                MTX_Copy44To43_ = 0x1ffc3a4
                0x01ffc3d8                MTX_Concat44 = 0x1ffc3d8
                0x01ffc6fc                FX_ModS32 = 0x1ffc6fc
                0x01ffc754                FX_DivAsync = 0x1ffc754
                0x01ffc78c                FX_GetSqrtResult = 0x1ffc78c
                0x01ffc7b8                FX_SqrtAsync = 0x1ffc7b8
                0x01ffc808                FX_InvAsync = 0x1ffc808
                0x01ffc844                FX_GetDivResult = 0x1ffc844
                0x01ffc880                FX_GetDivResultFx64c = 0x1ffc880
                0x01ffc8a8                FX_InvSqrt = 0x1ffc8a8
                0x01ffc918                FX_Sqrt = 0x1ffc918
                0x01ffc9c0                FX_Div = 0x1ffc9c0
                0x02080304                FX_SinCosTable_ = 0x2080304
                0x01ffc9dc                VEC_Fx16Normalize = 0x1ffc9dc
                0x01ffcb30                VEC_Normalize = 0x1ffcb30
                0x01ffcc70                VEC_Mag = 0x1ffcc70
                0x01ffccd8                VEC_Fx16CrossProduct = 0x1ffccd8
                0x01ffcd44                VEC_CrossProduct = 0x1ffcd44
                0x01ffcde0                VEC_Fx16DotProduct = 0x1ffcde0
                0x01ffce30                VEC_DotProduct = 0x1ffce30
                0x01ffce74                VEC_Subtract = 0x1ffce74
                0x01ffcea8                VEC_Add = 0x1ffcea8
                0x01ffcedc                FX_Atan2Idx = 0x1ffcedc
                0x01ffd0b0                nullsub_25 = 0x1ffd0b0
                0x01ffd108                vblankIrqCallback = 0x1ffd108
                0x01ffd158                anotherVblankIrqCallback = 0x1ffd158
                0x01ffd4bc                base_afterDraw = 0x1ffd4bc
                0x01ffd4c0                base_beforeDraw = 0x1ffd4c0
                0x01ffd4e8                base_onDraw = 0x1ffd4e8
                0x01ffd4f0                base_afterExecute = 0x1ffd4f0
                0x01ffd4f4                base_beforeExecute = 0x1ffd4f4
                0x01ffd51c                base_onExecute = 0x1ffd51c
                0x01ffd524                callVirtualFuncTriplet = 0x1ffd524
                0x01ffd5e4                OS_IrqHandler = 0x1ffd5e4
                0x01ffd63c                OS_IrqHandler_ThreadSwitch = 0x1ffd63c
                0x01ffd798                OSi_DoBoot = 0x1ffd798
                0x01ffd848                CpuClear32 = 0x1ffd848
                0x01ffd85c                OSi_ReadCardRom32 = 0x1ffd85c
                0x01ffd98c                OSi_ReloadRomData = 0x1ffd98c
                0x01ffda6c                OSi_DoResetSystem = 0x1ffda6c
                0x01ffdaac                MIi_DmaSetParams_wait_noInt = 0x1ffdaac
                0x01ffdb0c                MIi_DmaSetParams_noInt = 0x1ffdb0c
                0x01ffdb44                MIi_DmaSetParams_wait = 0x1ffdb44
                0x01ffe0e4                spriteSideCollisions = 0x1ffe0e4
                0x01ffe730                generalSpriteCollisions = 0x1ffe730
                0x01ffe8e0                Actor_Behaviors = 0x1ffe8e0
                0x01ffeff4                Actor_MoreBehaviors = 0x1ffeff4
                0x01fff290                Actor_MoreBehaviors_3 = 0x1fff290
                0x01fff700                Actor_MoreBehaviors_2 = 0x1fff700
                0x01fff86c                Actor_MoreBehaviors_0 = 0x1fff86c
                0x01fff93c                Actor_MoreBehaviors_1 = 0x1fff93c
                0x01fffc20                StageActordoHdma = 0x1fffc20
                0x02000436                SVC_CpuClear = 0x2000436
                0x02000800                _start = 0x2000800
                0x02000920                MIi_CpuClear32 = 0x2000920
                0x02000934                MIi_UncompressBackward = 0x2000934
                0x020009e0                do_autoload = 0x20009e0
                0x02000a5c                init_cp15 = 0x2000a5c
                0x02000b44                nullsub_1 = 0x2000b44
                0x02000b48                _start_ModuleParams = 0x2000b48
                0x02000b6c                cardi_backup_assert = 0x2000b6c
                0x020014ec                nullsub_2 = 0x20014ec
                0x02003000                NitroMain = 0x2003000
                0x0200419c                drawCharBottomScreenMaybe = 0x200419c
                0x02004598                OSi_Panic = 0x2004598
                0x020045ec                OS_Panic = 0x20045ec
                0x020045f8                UberPanicHandler = 0x20045f8
                0x020046c0                exceptionHandlerCallback = 0x20046c0
                0x020046d8                setupGraphicsForDebugScreen = 0x20046d8
                0x02004be0                disableAllVramBanks = 0x2004be0
                0x02004c24                NitroStartUp = 0x2004c24
                0x02004c30                isFileLoadingThreadFinished = 0x2004c30
                0x02004cb8                CreateThreadWrapper = 0x2004cb8
                0x02004d90                setupCallbacksAndStuff = 0x2004d90
                0x02004dfc                doSomethingWithOv1 = 0x2004dfc
                0x02004e20                initStuff_2 = 0x2004e20
                0x02004e5c                startGame = 0x2004e5c
                0x02004e78                initStuff_0 = 0x2004e78
                0x02004ea8                mainLoop = 0x2004ea8
                0x02004f3c                initStuff = 0x2004f3c
                0x02005098                resetAllDMAs = 0x2005098
                0x020050bc                nullsub_3 = 0x20050bc
                0x020050c0                callSoundMainLoop = 0x20050c0
                0x0200513c                WBTi_get_my_user_command_counter = 0x200513c
                0x0200514c                resetSystemWithParam = 0x200514c
                0x02005230                doFadingTransition = 0x2005230
                0x02005620                nullsub_4 = 0x2005620
                0x0200563c                getStartingScene = 0x200563c
                0x0200564c                setStartingScene = 0x200564c
                0x0200565c                getInitTableIndex = 0x200565c
                0x0200566c                setInitTableIndex = 0x200566c
                0x0200567c                branchToInitTableAlt = 0x200567c
                0x020056a8                branchToInitTable = 0x20056a8
                0x0200589c                removeWaitForVblankCallback = 0x200589c
                0x020058b0                setWaitForVblankCallback = 0x20058b0
                0x020058c0                WaitForVBlank = 0x20058c0
                0x02005910                sleepThreadIntoQueue2 = 0x2005910
                0x02005924                sleepThreadIntoQueue1 = 0x2005924
                0x02005a60                setVblankIrqCallback = 0x2005a60
                0x02005a88                unsetVblankIrqCallback = 0x2005a88
                0x02005ab0                setAnotherIrqCallbackAndThreadQueues = 0x2005ab0
                0x02005b10                showDebugScreen_0 = 0x2005b10
                0x02005b34                debugScreenMainLoop = 0x2005b34
                0x02005cdc                waitForVblankIrqless = 0x2005cdc
                0x02005d04                setupGraphicsForDebugScreen2 = 0x2005d04
                0x02005e68                clearDebugScreen = 0x2005e68
                0x02005ea8                MIi_CpuClearFast2 = 0x2005ea8
                0x02005eb0                showDebugScreen = 0x2005eb0
                0x020061e4                showDebugScreenMore = 0x20061e4
                0x02006370                nds_printf = 0x2006370
                0x020063ac                print = 0x20063ac
                0x02006690                winLevelMaybe = 0x2006690
                0x020066f8                resetMidwayInfo = 0x20066f8
                0x02006790                GetStartingFromMidway = 0x2006790
                0x02006864                nullsub_77 = 0x2006864
                0x0200696c                ChangeSceneToLevel = 0x200696c
                0x02006cf4                initABunchOfStuff = 0x2006cf4
                0x02006ee4                nullsub_75 = 0x2006ee4
                0x02006f6c                updateBgOffsets = 0x2006f6c
                0x02006fb8                reset3dstuff = 0x2006fb8
                0x0200761c                nullsub_5 = 0x200761c
                0x0200765c                DC_StoreRangeOrAll = 0x200765c
                0x02007684                DC_FlushRangeOrAll = 0x2007684
                0x02008588                FS_UnloadOverlay_0 = 0x2008588
                0x02008594                FS_LoadOverlay_0 = 0x2008594
                0x020085a0                FS_LoadOverlayInfo_0 = 0x20085a0
                0x020085ac                readFileOrPanic = 0x20085ac
                0x020085e4                openFileOrPanic = 0x20085e4
                0x0200860c                openFileFastOrPanic = 0x200860c
                0x02008648                convertPathToFileIDOrPanic = 0x2008648
                0x02008670                setCrashReason = 0x2008670
                0x020087c0                NSMB_FreeToCurrentHeapIfNotNull = 0x20087c0
                0x020087e0                loadFileByExtId_FlushDC_2 = 0x20087e0
                0x02008800                loadFileByExtId_NoFlushDC = 0x2008800
                0x02008810                loadFileByExtId_FlushDCMaybe = 0x2008810
                0x02008828                loadFileById_FlushMaybe = 0x2008828
                0x02008944                readOpenedFile = 0x2008944
                0x02008970                setFileReadFunctionSimple = 0x2008970
                0x02008980                setFileReadFunctionComplex = 0x2008980
                0x02008990                setFileReadFunction = 0x2008990
                0x020089a0                readFileSimple = 0x20089a0
                0x02008a6c                readFileComplex = 0x2008a6c
                0x02008cd8                loadFileByName_Dest_WithMax = 0x2008cd8
                0x02008d14                openAndReadFileIntoBufferWithMax = 0x2008d14
                0x02008d80                readFileIntoBufferWithMax = 0x2008d80
                0x02008e00                hasBufferLz77Header = 0x2008e00
                0x02008e2c                populateFSFileID = 0x2008e2c
                0x02008e54                openFileById = 0x2008e54
                0x02008f50                getFilePtrFromArchiveIfExistsById = 0x2008f50
                0x02008ff4                unmountArchiveIfSomething = 0x2008ff4
                0x0200902c                unloadAndLoadArchiveLists = 0x200902c
                0x02009084                unmountAndFreeAllArchives = 0x2009084
                0x020090d0                unmountAndFreeArchiveList = 0x20090d0
                0x02009134                loadArchiveList = 0x2009134
                0x0200917c                loadArchiveByIdHeapFront = 0x200917c
                0x020091a4                loadArchiveById2 = 0x20091a4
                0x02009288                unmountAndFreeArchive = 0x2009288
                0x020092b0                readArchiveAndMount = 0x20092b0
                0x0200936c                GetFileIDFromPath = 0x200936c
                0x02009394                calcFileID = 0x2009394
                0x020093f8                setOverlayCount = 0x20093f8
                0x02009424                initFilesystemStuff = 0x2009424
                0x02009478                getDecompressedSize = 0x2009478
                0x02009484                initLoadedOverlayTable = 0x2009484
                0x020094b8                NSMB_UnloadOverlay = 0x20094b8
                0x02009510                NSMB_LoadOverlayOrPanic = 0x2009510
                0x02009560                loadOverlay = 0x2009560
                0x02009798                InvalidateOverlayRange = 0x2009798
                0x020097d0                loadMainGameArchiveList = 0x20097d0
                0x020097ec                unloadMinigamesArchiveList = 0x20097ec
                0x02009800                loadMinigamesArchiveList = 0x2009800
                0x0200981c                loadFileByExtId_FlushDC_3 = 0x200981c
                0x02009828                fillSomeStructWithExtFileId = 0x2009828
                0x0200984c                setPtrToLoadFileFunc = 0x200984c
                0x02009864                fillSomeStructWithExtFileIdAndReturnIt = 0x2009864
                0x02009878                loadSubBgPaletteByExtId = 0x2009878
                0x020098cc                loadBgExtPaletteByExtId = 0x20098cc
                0x02009980                loadFileByExtId_Cached_intoObjPalette = 0x2009980
                0x02009a98                loadFileByExtId_Cached_intoObjVram = 0x2009a98
                0x02009bc8                allocFromCacheTable = 0x2009bc8
                0x02009d30                freeAllFilesInCacheTable = 0x2009d30
                0x02009d6c                unloadFileByExtId_fromCache = 0x2009d6c
                0x02009dc0                allocFromSpecificCacheTable = 0x2009dc0
                0x02009dec                loadFileInto3D = 0x2009dec
                0x02009ed4                loadFileByExtId_Cached_3D = 0x2009ed4
                0x02009f2c                allocFromCacheTable2 = 0x2009f2c
                0x0200a020                searchOrLoadInCacheTable = 0x200a020
                0x0200a0b4                fillIdsIntoCacheTable = 0x200a0b4
                0x0200a138                allocIntoCacheTableEntry = 0x200a138
                0x0200a234                loadFileByExtId_intoCacheEntry = 0x200a234
                0x0200b2ac                MarioActor_SpriteCollisions = 0x200b2ac
                0x0200b7d0                loadFileListTable = 0x200b7d0
                0x0200b83c                loadFileListSomething = 0x200b83c
                0x0200d2a4                drawOamStuff = 0x200d2a4
                0x0200dd94                updateOam = 0x200dd94
                0x0200dee0                loadSpriteSetOverlays = 0x200dee0
                0x0200e0ac                loadOverlayForSomething4 = 0x200e0ac
                0x0200e0f8                loadOverlayForSomething3 = 0x200e0f8
                0x0200e198                loadOverlayForSomething2 = 0x200e198
                0x0200e240                loadOverlayForSceneId = 0x200e240
                0x0200e33c                unloadOverlayIfValidId = 0x200e33c
                0x0200e360                loadOverlayIfValidId = 0x200e360
                0x0200e388                getOverlayIdForSceneId = 0x200e388
                0x0200e508                nullsub_6 = 0x200e508
                0x0200e50c                nullsub_7 = 0x200e50c
                0x02010094                readUserInput = 0x2010094
                0x0201031c                doWifiStuff = 0x201031c
                0x02010e40                OSi_UnsetTimerReserved = 0x2010e40
                0x02011d60                setMusicTempoIfDifferent = 0x2011d60
                0x02011dc4                storeSomething = 0x2011dc4
                0x02011df4                stopMusicSomething = 0x2011df4
                0x02011e3c                stopMusicSomething2 = 0x2011e3c
                0x020123d8                soundMainLoop = 0x20123d8
                0x020125d4                initSoundDlp = 0x20125d4
                0x020125e8                initSoundNoDlp = 0x20125e8
                0x02012744                loadBuildtimeFile = 0x2012744
                0x02012764                nullsub_8 = 0x2012764
                0x02012768                zeroStuffIfMvsL = 0x2012768
                0x02012abc                doSomethingWithSaveArea = 0x2012abc
                0x02012d6c                nullsub_9 = 0x2012d6c
                0x02012e08                LoadSaveAndSetCounters = 0x2012e08
                0x02012f24                SaveSave = 0x2012f24
                0x02012f64                LoadSave = 0x2012f64
                0x02012f9c                createNewSave = 0x2012f9c
                0x0201311c                base2_destructor = 0x201311c
                0x0201313c                base2_destructorFree = 0x201313c
                0x02013164                nullsub_10 = 0x2013164
                0x02013168                createScene = 0x2013168
                0x02013188                createObj = 0x2013188
                0x020131a8                base2_afterCreate = 0x20131a8
                0x020131d8                loadFileCorruptedScene = 0x20131d8
                0x020131fc                ChangeToScene = 0x20131fc
                0x0201325c                OS_Init_1 = 0x201325c
                0x020132a0                ChangeSceneIfNeeded = 0x20132a0
                0x020133a4                createFirstScene = 0x20133a4
                0x020134b8                scene_afterDraw = 0x20134b8
                0x020134c4                scene_beforeDraw = 0x20134c4
                0x020134f4                scene_afterExecute = 0x20134f4
                0x02013500                scene_beforeExecute = 0x2013500
                0x020136c8                scene_afterDelete = 0x20136c8
                0x020136e8                scene_beforeDelete = 0x20136e8
                0x02013718                scene_afterCreate = 0x2013718
                0x02013764                scene_beforeCreate = 0x2013764
                0x020138dc                scene_destructorFree = 0x20138dc
                0x02013a08                scene_destructor = 0x2013a08
                0x02013b98                getSomethingForCharacter = 0x2013b98
                0x0201481c                nullsub_58 = 0x201481c
                0x02014820                nullsub_11 = 0x2014820
                0x02014a30                garbageCollect = 0x2014a30
                0x020169bc                nullsub_62 = 0x20169bc
                0x020169c0                nullsub_63 = 0x20169c0
                0x020169c4                nullsub_61 = 0x20169c4
                0x020169c8                nullsub_60 = 0x20169c8
                0x0201711c                MIi_ReadByteStreamFromMemory = 0x201711c
                0x02017124                MIi_ReadShortStreamFromMemory = 0x2017124
                0x020171c0                nullsub_12 = 0x20171c0
                0x02017274                OS_Init_2 = 0x2017274
                0x02018b1c                unmountNarcsForMvsL = 0x2018b1c
                0x02019944                nullsub_64 = 0x2019944
                0x02019b78                nullsub_35 = 0x2019b78
                0x0201af74                MarioActor_ctor_b = 0x201af74
                0x0201b0e4                nullsub_65 = 0x201b0e4
                0x0201b518                nullsub_67 = 0x201b518
                0x0201be98                nullsub_66 = 0x201be98
                0x0201c018                nullsub_68 = 0x201c018
                0x0201da00                anotherColliderClass_ctor = 0x201da00
                0x0201e35c                SetEntranceIdForPlayer = 0x201e35c
                0x0201e39c                getEntranceById = 0x201e39c
                0x0201e3f0                getEntranceBlockLen = 0x201e3f0
                0x0201e400                GetPtrToEntranceById = 0x201e400
                0x0201e450                getEntranceBlockPtr = 0x201e450
                0x0201e460                getEntranceUnk3ById = 0x201e460
                0x0201e4a8                getStartingEntranceType = 0x201e4a8
                0x0201e64c                InitEntranceData = 0x201e64c
                0x0201e744                causeSceneChangeForEntrance = 0x201e744
                0x0201ee60                isPosInView = 0x201ee60
                0x0201f000                getViewAtPos = 0x201f000
                0x0201f06c                getHeightForView = 0x201f06c
                0x0201f090                getWidthForView = 0x201f090
                0x0201f0b4                getProgressPathForView = 0x201f0b4
                0x0201f0d8                getLightingForView = 0x201f0d8
                0x0201f0f4                getUnk3ForView = 0x201f0f4
                0x0201f118                getUnk2ForView = 0x201f118
                0x0201f13c                getUnk1ForView = 0x201f13c
                0x0201f160                getCameraIdForView = 0x201f160
                0x0201f184                getPtrToViewById = 0x201f184
                0x0201f220                getBlock4PointerById = 0x201f220
                0x0201f280                getBlock3PointerById = 0x201f280
                0x0201f2e0                getBlock2PointerById = 0x201f2e0
                0x0201f53c                GetAreaNumberForWorldLevel = 0x201f53c
                0x0201f5b0                getLevelOffsetForWorld = 0x201f5b0
                0x0201f5e8                getLetterForWorld = 0x201f5e8
                0x0201f5fc                getLevelsInWorld = 0x201f5fc
                0x0201f624                loadSprites1 = 0x201f624
                0x0201ff68                actor_getSomething = 0x201ff68
                0x0201ff70                actor_incrementSomething = 0x201ff70
                0x020201a0                SetCameraToActor = 0x20201a0
                0x02020240                getUnk2ForPlayer = 0x2020240
                0x02020250                setUnk2ForPlayer = 0x2020250
                0x02020280                GetPlayersToSpawnBitmask = 0x2020280
                0x02020290                SetPlayersToSpawnBitmask = 0x2020290
                0x020202a0                GetPlayerCount = 0x20202a0
                0x020202b0                SetPlayerCount = 0x20202b0
                0x02020334                getUnkForPlayer = 0x2020334
                0x02020354                GiveCoinToPlayer = 0x2020354
                0x0202040c                GetCoinsForPlayer = 0x202040c
                0x0202041c                SetCoinsForPlayer = 0x202041c
                0x020204e0                loseOneLife = 0x20204e0
                0x02020544                getOneLife = 0x2020544
                0x02020590                spawnPlayer = 0x2020590
                0x020205ec                GetPtrToPlayerActor = 0x20205ec
                0x02020608                GetPtrToPlayerActorByID = 0x2020608
                0x02020618                SetPtrToPlayerActorByID = 0x2020618
                0x02020700                MarioActor_loadFiles = 0x2020700
                0x0202176c                initTouchscreenAndSthElse = 0x202176c
                0x02021f08                nullsub_69 = 0x2021f08
                0x020236bc                nullsub_29 = 0x20236bc
                0x020236c0                nullsub_30 = 0x20236c0
                0x02025a7c                nullsub_74 = 0x2025a7c
                0x02025b08                nullsub_73 = 0x2025b08
                0x02025f14                nullsub_72 = 0x2025f14
                0x02026070                nullsub_71 = 0x2026070
                0x02026148                nullsub_70 = 0x2026148
                0x02026244                nullsub_76 = 0x2026244
                0x02026258                aCpsr00r01r02r0 = 0x2026258
                0x020262d0                mainGameArchiveList = 0x20262d0
                0x020262dc                minigamesArchiveList = 0x20262dc
                0x0202632c                spriteSetOffsetTable = 0x202632c
                0x0202633c                spriteSet16Table = 0x202633c
                0x020263b4                spriteSetOverlayIds = 0x20263b4
                0x02026670                a0123456789 = 0x2026670
                0x02026c70                playerClassIds = 0x2026c70
                0x02039170                staticInitializerTable = 0x2039170
                0x020391e8                Vec2_vtable = 0x20391e8
                0x020391f8                S16Vec_vtable = 0x20391f8
                0x02039208                Vec3_vtable = 0x2039208
                0x02039218                debugScreenCompressedGfx = 0x2039218
                0x0203967c                sCrash1_flags = 0x203967c
                0x0203968c                adfgvtable = 0x203968c
                0x02039808                aMario2d = 0x2039808
                0x0203981c                someCallback2 = 0x203981c
                0x02039820                fadingTransitionCallback = 0x2039820
                0x02039824                soundMainLoopOffs = 0x2039824
                0x02039828                initTable = 0x2039828
                0x02039830                initTableAlt = 0x2039830
                0x02039898                aGameCardIsPull = 0x2039898
                0x020398b0                aLoopproc1uS = 0x20398b0
                0x020398c0                aProfnameDStepU = 0x20398c0
                0x020398d8                a_3s08x = 0x20398d8
                0x020398e4                aSpsr08x = 0x20398e4
                0x020398f0                aCp1508x = 0x20398f0
                0x020398fc                aSp08x = 0x20398fc
                0x02039908                aPc408x = 0x2039908
                0x02039914                aSU = 0x2039914
                0x0203991c                aIdUMode02x = 0x203991c
                0x0203992c                aS08x08x = 0x203992c
                0x02039938                aIrqstkerrU = 0x2039938
                0x02039944                aStkerrUUX = 0x2039944
                0x02039954                aSp08x_0 = 0x2039954
                0x02039960                a08x = 0x2039960
                0x0203997c                profilePointerTable = 0x203997c
                0x0203a280                aDfs_openfile = 0x203a280
                0x0203a290                aDfs_readfile = 0x203a290
                0x0203a2a0                aDfs_openfilefa = 0x203a2a0
                0x0203a2b4                aDfs_convertpat = 0x203a2b4
                0x0203a2cc                archiveIdInUse = 0x203a2cc
                0x0203a2d0                aM09 = 0x203a2d0
                0x0203a2d4                aM05 = 0x203a2d4
                0x0203a2d8                aM0b = 0x203a2d8
                0x0203a2dc                aM15 = 0x203a2dc
                0x0203a2e0                aA02 = 0x203a2e0
                0x0203a2e4                aM06 = 0x203a2e4
                0x0203a2e8                aM1c = 0x203a2e8
                0x0203a2ec                aM00 = 0x203a2ec
                0x0203a2f0                aA07 = 0x203a2f0
                0x0203a2f4                aM1e = 0x203a2f4
                0x0203a2f8                aMff = 0x203a2f8
                0x0203a2fc                aM18 = 0x203a2fc
                0x0203a300                aM0f = 0x203a300
                0x0203a304                aM1f = 0x203a304
                0x0203a308                aM11 = 0x203a308
                0x0203a30c                aM02 = 0x203a30c
                0x0203a310                aM03 = 0x203a310
                0x0203a314                aA08 = 0x203a314
                0x0203a318                aM01 = 0x203a318
                0x0203a31c                aM13 = 0x203a31c
                0x0203a320                aA0a = 0x203a320
                0x0203a324                aM23 = 0x203a324
                0x0203a328                aA00 = 0x203a328
                0x0203a32c                aM1a = 0x203a32c
                0x0203a330                aM17 = 0x203a330
                0x0203a334                aM07 = 0x203a334
                0x0203a338                aM16 = 0x203a338
                0x0203a33c                aM14 = 0x203a33c
                0x0203a340                aM04 = 0x203a340
                0x0203a344                aA01 = 0x203a344
                0x0203a348                aA05 = 0x203a348
                0x0203a34c                aM22 = 0x203a34c
                0x0203a350                aM1d = 0x203a350
                0x0203a354                aM10 = 0x203a354
                0x0203a358                aM1b = 0x203a358
                0x0203a35c                aA09 = 0x203a35c
                0x0203a360                aA06 = 0x203a360
                0x0203a364                aA04 = 0x203a364
                0x0203a368                aM12 = 0x203a368
                0x0203a36c                aM08 = 0x203a36c
                0x0203a370                aM21 = 0x203a370
                0x0203a374                aM0a = 0x203a374
                0x0203a378                aA03 = 0x203a378
                0x0203a37c                aM0e = 0x203a37c
                0x0203a380                aM0d = 0x203a380
                0x0203a384                aM20 = 0x203a384
                0x0203a388                aM0c = 0x203a388
                0x0203a38c                aM19 = 0x203a38c
                0x0203a390                readFileFunctionTable = 0x203a390
                0x0203a398                aArc0_narc = 0x203a398
                0x0203a3a4                aCard_narc = 0x203a3a4
                0x0203a3b0                aJump_narc = 0x203a3b0
                0x0203a3bc                aDat_2d_narc = 0x203a3bc
                0x0203a3c8                aCasino_narc = 0x203a3c8
                0x0203a3d4                aArchive_end = 0x203a3d4
                0x0203a3e0                aTranpu_narc = 0x203a3e0
                0x0203a3ec                aDat_ice_narc = 0x203a3ec
                0x0203a3fc                aP_heyho_narc = 0x203a3fc
                0x0203a40c                aSnowwar_narc = 0x203a40c
                0x0203a41c                aVs_amida_narc = 0x203a41c
                0x0203a42c                aMg_entry_narc = 0x203a42c
                0x0203a43c                aMg_luigi_narc = 0x203a43c
                0x0203a44c                aDat_fort_narc = 0x203a44c
                0x0203a45c                aDat_init_narc = 0x203a45c
                0x0203a46c                aDat_pipe_narc = 0x203a46c
                0x0203a47c                aPachinko_narc = 0x203a47c
                0x0203a48c                aBomthrow_narc = 0x203a48c
                0x0203a49c                aSnowball_narc = 0x203a49c
                0x0203a4ac                aMg_common_narc = 0x203a4ac
                0x0203a4bc                aMg_flower_narc = 0x203a4bc
                0x0203a4cc                aVs_escape_narc = 0x203a4cc
                0x0203a4dc                aMg_teresa_narc = 0x203a4dc
                0x0203a4ec                aVs_flower_narc = 0x203a4ec
                0x0203a4fc                aDat_field_narc = 0x203a4fc
                0x0203a50c                aVs_mogura_narc = 0x203a50c
                0x0203a51c                aDat_enemy_narc = 0x203a51c
                0x0203a52c                aVs_teresa_narc = 0x203a52c
                0x0203a53c                aVs_step_on_narc = 0x203a53c
                0x0203a54c                aVs_tamaire_narc = 0x203a54c
                0x0203a55c                aMenu_title_narc = 0x203a55c
                0x0203a56c                aVs_riversi_narc = 0x203a56c
                0x0203a57c                aHanasagase_narc = 0x203a57c
                0x0203a58c                aMgvs_common_narc = 0x203a58c
                0x0203a5a0                aMenu_common_narc = 0x203a5a0
                0x0203a5b4                aVs_pachinko_narc = 0x203a5b4
                0x0203a5c8                aVs_snowball_narc = 0x203a5c8
                0x0203a5dc                aDat_basement_narc = 0x203a5dc
                0x0203a5f0                aPazzle_panel_narc = 0x203a5f0
                0x0203a604                aFlower_yoshi_narc = 0x203a604
                0x0203a618                aWrecking_crew_narc = 0x203a618
                0x0203a62c                aMg_trampoline_narc = 0x203a62c
                0x0203a640                aLuigi_model_mg_narc = 0x203a640
                0x0203a654                aMario_model_mg_narc = 0x203a654
                0x0203a668                aMg_menu_common_narc = 0x203a668
                0x0203a67c                aMessage_common_narc = 0x203a67c
                0x0203a690                aVs_balloon_fight_narc = 0x203a690
                0x0203a6a8                aVs_wrecking_crew_narc = 0x203a6a8
                0x0203a6c0                archiveArray = 0x203a6c0
                0x0203ab40                aLz77 = 0x203ab40
                0x0203ab48                aArchive = 0x203ab48
                0x0203ab54                aRom = 0x203ab54
                0x0203abb8                aIplD_2d_new_mario_ncl_bin = 0x203abb8
                0x0203abd4                aIplD_2d_new_mario_ncg_bin = 0x203abd4
                0x0203abf0                aNew = 0x203abf0
                0x0203ac10                aNewSuperMarioBros_ = 0x203ac10
                0x0203ac3c                aNewSuperMarioBros__0 = 0x203ac3c
                0x0203ad1c                aD0n0d0n0h0 = 0x203ad1c
                0x0203ade8                aGrabAndStealAsManyBigStarsAsYouCanFromYou = 0x203ade8
                0x0203bcc8                aBuildtime = 0x203bcc8
                0x0203bcd4                aU = 0x203bcd4
                0x0203bce0                base2_vtable = 0x203bce0
                0x0203bd28                currentlySceneExists = 0x203bd28
                0x0203bd2c                previousSceneID = 0x203bd2c
                0x0203bd30                nextSceneID = 0x203bd30
                0x0203bd34                currentSceneID = 0x203bd34
                0x0203bd40                Scene_vtable = 0x203bd40
                0x0203bd94                asdfVtable = 0x203bd94
                0x0203bd9c                WifiSignalStrengthBitmap = 0x203bd9c
                0x0203c628                anotherColliderClass_vtable = 0x203c628
                0x0203c6dc                entranceTypeTable = 0x203c6dc
                0x0203c840                aJVs = 0x203c840
                0x0203c848                aGW7 = 0x203c848
                0x0203c850                aHW8 = 0x203c850
                0x0203c858                aBW2 = 0x203c858
                0x0203c860                aFW6 = 0x203c860
                0x0203c868                aEW5 = 0x203c868
                0x0203c870                aCW3 = 0x203c870
                0x0203c878                aDW4 = 0x203c878
                0x0203c880                aAW1 = 0x203c880
                0x0203c888                aIKinoko = 0x203c888
                0x0203c894                levelsInWorldTable = 0x203c894
                0x0203c900                areasInLevelTable = 0x203c900
                0x0203c960                BGDatFileIdTable = 0x203c960
                0x0203cc44                courseFileIDTable = 0x203cc44
                0x0203cf30                efcaewfvtable = 0x203cf30
                0x0203cfe4                aMario2d_1 = 0x203cfe4
                0x0203d1a8                aNewSuperMarioBros_Minigames = 0x203d1a8
                0x0203d230                aPlayTonsOfTouchScreenMinigamesWithUpT = 0x203d230
                0x0203d2b0                weirdNextSceneID = 0x203d2b0
                0x02042928                overlayTableHmac = 0x2042928
                0x020433b0                MarioActor_decrementHalfTimer = 0x20433b0
                0x020433c8                MarioActor_decrementByteTimer = 0x20433c8
                0x020433e0                MarioActor_decrementSByteTimer = 0x20433e0
                0x02043a2c                findNextTreeNode = 0x2043a2c
                0x02043d10                startFrameCounter = 0x2043d10
                0x02044418                fillSomeStructWithFileId = 0x2044418
                0x02044444                readTouchScr = 0x2044444
                0x020445e0                initTouchscreen = 0x20445e0
                0x02044644                readKeys = 0x2044644
                0x020446b0                nullsub_13 = 0x20446b0
                0x02044a50                freeToCurrentHeap = 0x2044a50
                0x02044a6c                allocFromCurrentHeapFromTop = 0x2044a6c
                0x02044a8c                allocFromCurrentHeap = 0x2044a8c
                0x02044ab0                freeToHeap3 = 0x2044ab0
                0x02044ad8                createTheHeaps = 0x2044ad8
                0x02044b20                NSMB_FreeToHeap = 0x2044b20
                0x02044b2c                allocFromHeapWordAligned = 0x2044b2c
                0x02044b3c                allocFromHeap = 0x2044b3c
                0x02044b48                setCurrentHeapPtr = 0x2044b48
                0x02044b78                swapSomeValue = 0x2044b78
                0x02044ba0                FrmHeapadjust = 0x2044ba0
                0x02044bec                ExpHeapadjust = 0x2044bec
                0x02044c40                FrmHeapgetAllocMode = 0x2044c40
                0x02044c48                ExpHeapgetAllocMode = 0x2044c48
                0x02044c58                FrmHeapsetAllocMode = 0x2044c58
                0x02044c60                ExpHeapsetAllocMode = 0x2044c60
                0x02044cb0                FrmHeapgetSize = 0x2044cb0
                0x02044cb8                ExpHeapgetSize = 0x2044cb8
                0x02044cc8                getHeapBlockSize = 0x2044cc8
                0x02044d08                FrmHeapvisitAllocated = 0x2044d08
                0x02044d1c                ExpHeapvisitAllocated = 0x2044d1c
                0x02044d50                FrmHeapfree = 0x2044d50
                0x02044d70                ExpHeapfree = 0x2044d70
                0x02044d94                freeToHeap2 = 0x2044d94
                0x02044e00                FrmHeapresize = 0x2044e00
                0x02044e10                ExpHeapresize = 0x2044e10
                0x02044e60                FrmHeapgetFreeSize = 0x2044e60
                0x02044e74                ExpHeapgetFreeSize = 0x2044e74
                0x02044e84                FrmHeapgetAllocatableSizeAligned = 0x2044e84
                0x02044e94                ExpHeapgetAllocatableSizeAligned = 0x2044e94
                0x02044ea4                getHeapFreeSpace = 0x2044ea4
                0x02044ee4                FrmHeapgetAllocatableSize2 = 0x2044ee4
                0x02044ef8                ExpHeapgetAllocatableSize2 = 0x2044ef8
                0x02044f0c                FrmHeapgetAllocatableSize = 0x2044f0c
                0x02044f20                ExpHeapgetAllocatableSize = 0x2044f20
                0x02044f6c                nullsub_40 = 0x2044f6c
                0x02044f70                nullsub_41 = 0x2044f70
                0x02044f74                callNullFuncForHeap = 0x2044f74
                0x02044fac                FrmHeapalloc = 0x2044fac
                0x02044fe0                ExpHeapalloc = 0x2044fe0
                0x02045040                NSMB_AllocFromHeap = 0x2045040
                0x020450f0                FrmHeapdestroy = 0x20450f0
                0x0204510c                ExpHeapdestroy = 0x204510c
                0x0204519c                ExpHeaptryLockMutex = 0x204519c
                0x020451ac                ExpHeapunlockMutex = 0x20451ac
                0x020451bc                ExpHeaplockMutex = 0x20451bc
                0x020451cc                HeaptryLockMutex = 0x20451cc
                0x020451d4                HeapunlockMutex = 0x20451d4
                0x020451d8                HeaplockMutex = 0x20451d8
                0x020451dc                unlockHeapMutex = 0x20451dc
                0x020451f8                lockHeapMutex = 0x20451f8
                0x02045338                createExpHeaps = 0x2045338
                0x0204540c                tryCreateHeap = 0x204540c
                0x02045478                FrmHeapdtorFree = 0x2045478
                0x020454a0                FrmHeapdtor = 0x20454a0
                0x020454c0                ExpHeapdtorFree = 0x20454c0
                0x020454e8                ExpHeapdtor = 0x20454e8
                0x02045518                HeapdtorFree = 0x2045518
                0x02045538                Heapdtor = 0x2045538
                0x02045570                ExpHeapctor = 0x2045570
                0x020455a0                Heapctor = 0x20455a0
                0x020455d8                allocHeapFromArena = 0x20455d8
                0x02045650                setupRootHeap = 0x2045650
                0x02045690                addHeapThreadSwitchCallback = 0x2045690
                0x020456c0                setHeapForThread = 0x20456c0
                0x020456f8                switchThreadCallback = 0x20456f8
                0x02046bb4                isInSomeWifiStatus = 0x2046bb4
                0x02046c28                getCameraPlayerNumber = 0x2046c28
                0x02046c34                GetConsoleCount = 0x2046c34
                0x02046c5c                getSomeWifiFlag = 0x2046c5c
                0x02046c88                MB_IsMultiBootChild = 0x2046c88
                0x02049db4                someWifiCallback = 0x2049db4
                0x0204a76c                getCameraPlayerNumber_0 = 0x204a76c
                0x0204afcc                getSomethingWifiRelated = 0x204afcc
                0x0204c078                updateSomethingWifiRelated = 0x204c078
                0x0204c09c                setSometingWifiRelated = 0x204c09c
                0x0204c0ac                freeToMainHeap = 0x204c0ac
                0x0204c0b8                freeToMainHeap_1 = 0x204c0b8
                0x0204c0c4                new = 0x204c0c4
                0x0204c0d0                allocFromMainHeapWordAligned = 0x204c0d0
                0x0204c0dc                freeToMainHeap_0 = 0x204c0dc
                0x0204c0f8                allocFromMainHeapWordAligned_0 = 0x204c0f8
                0x0204c114                readSomethingFromEeprom = 0x204c114
                0x0204c8fc                OS_InitTick_0 = 0x204c8fc
                0x0204c908                createSceneObj = 0x204c908
                0x0204c920                createObj2 = 0x204c920
                0x0204c948                callPtrToOverlayLoadFunc2 = 0x204c948
                0x0204c974                callPtrToOverlayLoadFunc1 = 0x204c974
                0x0204cc7c                NSMB_FreeToGameHeap = 0x204cc7c
                0x0204cc98                NSMB_AllocFromGameHeap = 0x204cc98
                0x0204cce4                base_heapCreated = 0x204cce4
                0x0204ccec                base_createHeap = 0x204ccec
                0x0204cdbc                base_moreHeapShit = 0x204cdbc
                0x0204d0dc                base_willBeDeleted = 0x204d0dc
                0x0204d0e0                base_afterDelete = 0x204d0e0
                0x0204d174                base_beforeDelete = 0x204d174
                0x0204d1b0                base_onDelete = 0x204d1b0
                0x0204d1b8                base_afterCreate = 0x204d1b8
                0x0204d22c                base_beforeCreate = 0x204d22c
                0x0204d234                base_onCreate = 0x204d234
                0x0204d23c                base_destructor = 0x204d23c
                0x0204d270                base_destructorFree = 0x204d270
                0x0204d2ac                base_ctor = 0x204d2ac
                0x0204d46c                executeLoopProc = 0x204d46c
                0x0204d560                someDestructor2 = 0x204d560
                0x0204d57c                someDestructor = 0x204d57c
                0x0204d598                updateActors = 0x204d598
                0x0204d66c                GetSpawnedActor = 0x204d66c
                0x0204d6ec                getLoopProcName = 0x204d6ec
                0x0204dad8                setSoundIncrementFlag = 0x204dad8
                0x0204dc98                setOutputEffect = 0x204dc98
                0x0204dcb4                moveVolumeForPlayer = 0x204dcb4
                0x0204dd00                stopAllSequences = 0x204dd00
                0x0204e304                findSoundEntryWithParams = 0x204e304
                0x0204e3f8                soundPlayerExists = 0x204e3f8
                0x0204e420                stopMusic = 0x204e420
                0x0204e47c                pauseMusic = 0x204e47c
                0x0204e4d0                setTempoForPlayer = 0x204e4d0
                0x0204e52c                setMusicTempo = 0x204e52c
                0x0204e5ac                startMusic = 0x204e5ac
                0x0204f1dc                startSoundCaptureEffect = 0x204f1dc
                0x0204f2e0                initNnsSound = 0x204f2e0
                0x02050aa0                nullsub_55 = 0x2050aa0
                0x02055adc                NNS_FndGetPrevListObject = 0x2055adc
                0x02055af0                NNS_FndGetNextListObject = 0x2055af0
                0x02055b08                NNS_FndRemoveListObject = 0x2055b08
                0x02055b70                NNS_FndInsertListObject = 0x2055b70
                0x02055be4                NNS_FndPrependListObject = 0x2055be4
                0x02055c40                NNS_FndAppendListObject = 0x2055c40
                0x02055ca0                SetFirstObject = 0x2055ca0
                0x02055ccc                NNS_FndInitList = 0x2055ccc
                0x02055ce4                NNSi_FndFinalizeHeap = 0x2055ce4
                0x02055cfc                NNSi_FndInitHeapHead = 0x2055cfc
                0x02055d88                FindListContainHeap = 0x2055d88
                0x02055db0                FindContainHeap = 0x2055db0
                0x02055e18                NNS_FndGetSizeForMBlockExpHeap = 0x2055e18
                0x02055e20                NNS_FndVisitAllocatedForExpHeap = 0x2055e20
                0x02055e6c                NNS_FndGetAllocModeForExpHeap = 0x2055e6c
                0x02055e74                NNS_FndSetAllocModeForExpHeap = 0x2055e74
                0x02055e84                NNS_FndGetAllocatableSizeForExpHeapEx = 0x2055e84
                0x02055f08                NNS_FndGetTotalFreeSizeForExpHeap = 0x2055f08
                0x02055f30                NNS_FndFreeToExpHeap = 0x2055f30
                0x02055f6c                NNS_FndResizeForMBlockExpHeap = 0x2055f6c
                0x020560e0                NNS_FndAllocFromExpHeapEx = 0x20560e0
                0x0205611c                NNS_FndDestroyExpHeap = 0x205611c
                0x02056128                NNS_FndCreateExpHeapEx = 0x2056128
                0x0205616c                ExpHeap_RecycleRegion = 0x205616c
                0x0205625c                ExpHeap_AllocFromTail = 0x205625c
                0x02056318                ExpHeap_AllocFromHead = 0x2056318
                0x020563d8                ExpHeap_AllocUsedBlockFromFreeBlock = 0x20563d8
                0x02056560                InitExpHeap = 0x2056560
                0x020565e0                ExpHeap_InitMBlock = 0x20565e0
                0x02056610                ExpHeap_InsertMBlock = 0x2056610
                0x02056640                ExpHeap_RemoveMBlock = 0x2056640
                0x02056668                GetRegionOfMBlock = 0x2056668
                0x02056694                NNS_FndResizeForMBlockFrmHeap = 0x2056694
                0x02056714                NNS_FndAdjustFrmHeap = 0x2056714
                0x02056748                NNS_FndFreeByStateToFrmHeap = 0x2056748
                0x020567a4                NNS_FndRecordStateForFrmHeap = 0x20567a4
                0x020567f4                NNS_FndGetAllocatableSizeForFrmHeapEx = 0x20567f4
                0x02056830                NNS_FndFreeToFrmHeap = 0x2056830
                0x02056868                NNS_FndAllocFromFrmHeap = 0x2056868
                0x020568a8                NNS_FndDestroyFrmHeap = 0x20568a8
                0x020568b4                NNS_FndCreateFrmHeapEx = 0x20568b4
                0x020568f8                FrameHeap_FreeTail = 0x20568f8
                0x02056928                FrameHeap_FreeHead = 0x2056928
                0x02056940                FrameHeap_AllocFromTail = 0x2056940
                0x020569ac                FrameHeap_AllocFromHead = 0x20569ac
                0x02056a10                InitFrameHeap = 0x2056a10
                0x02056a5c                NNS_FndOpenArchiveFileByIndex = 0x2056a5c
                0x02056a9c                NNS_FndGetArchiveFileByIndex = 0x2056a9c
                0x02056ac4                NNS_FndUnmountArchive = 0x2056ac4
                0x02056aec                NNS_FndMountArchive = 0x2056aec
                0x02056c38                IsValidArchiveBinary = 0x2056c38
                0x02057210                NNS_G2dFindBinaryBlock = 0x2057210
                0x02057268                NNS_G2dFontGetCharWidthsFromIndex = 0x2057268
                0x020572c4                NNS_G2dFontFindGlyphIndex = 0x20572c4
                0x0205731c                NNS_G2dFontInitAuto = 0x205731c
                0x0205735c                GetGlyphIndex = 0x205735c
                0x02057430                NNSi_G2dUnpackNFT = 0x2057430
                0x02057520                NNSi_G2dGetUnpackedFont = 0x2057520
                0x0205768c                NNS_G3dBindMdlSet = 0x205768c
                0x02057708                NNS_G3dBindMdlPltt = 0x2057708
                0x020577b4                bindMdlPltt_Internal_ = 0x20577b4
                0x02057848                NNS_G3dBindMdlTex = 0x2057848
                0x020578fc                bindMdlTex_Internal_ = 0x20578fc
                0x02057a14                NNS_G3dPlttLoad = 0x2057a14
                0x02057a78                NNS_G3dPlttSetPlttKey = 0x2057a78
                0x02057a80                NNS_G3dPlttGetRequiredSize = 0x2057a80
                0x02057a8c                NNS_G3dTexLoad = 0x2057a8c
                0x02057b60                NNS_G3dTexSetTexKey = 0x2057b60
                0x02057b74                NNS_G3dTex4x4GetRequiredSize = 0x2057b74
                0x02057b80                NNS_G3dTexGetRequiredSize = 0x2057b80
                0x02057f10                NNS_G3dGlbGetInvSrtCameraMtx = 0x2057f10
                0x02057f50                NNS_G3dGlbGetWV = 0x2057f50
                0x02057f90                calcSrtCameraMtx_ = 0x2057f90
                0x02057ff0                NNS_G3dGlbGetInvCameraMtx = 0x2057ff0
                0x02058148                NNS_G3dGlbFlushP = 0x2058148
                0x02058184                NNS_G3dGlbInit = 0x2058184
                0x0205835c                blendScaleVec_ = 0x205835c
                0x02059220                NNSi_G3dFuncSbc_BBY = 0x2059220
                0x020595b0                NNSi_G3dFuncSbc_BB = 0x20595b0
                0x020598e0                updateHintVec_ = 0x20598e0
                0x02059950                NNS_G3dDraw1Mat1Shp = 0x2059950
                0x02059b68                NNS_G3dResDefaultSetup = 0x2059b68
                0x02059dc0                NNS_G3dInit = 0x2059dc0
                0x02059df0                NNS_G3dGetCurrentMtx = 0x2059df0
                0x0205a340                NNS_G3dGetTex = 0x205a340
                0x0205a380                NNS_G3dGetMdlSet = 0x205a380
                0x0205a390                NNS_G3dGetResDictIdxByName = 0x205a390
                0x0205a4e4                NNS_G3dGetResDataByName = 0x205a4e4
                0x0205a744                getRotDataEx_ = 0x205a744
                0x0205aa80                getScaleDataEx_ = 0x205aa80
                0x0205ac2c                getScaleData_ = 0x205ac2c
                0x0205ae44                getTransDataEx_ = 0x205ae44
                0x0205afb4                getTransData_ = 0x205afb4
                0x0205b12c                getMdlRot_ = 0x205b12c
                0x0205b280                getMdlScale_ = 0x205b280
                0x0205b2e4                getMdlTrans_ = 0x205b2e4
                0x0205b34c                NNSi_G3dAnmObjInitNsBca = 0x205b34c
                0x0205b3e0                NNSi_G3dAnmCalcNsBma = 0x205b3e0
                0x0205b4ac                NNSi_G3dAnmObjInitNsBma = 0x205b4ac
                0x0205b558                GetMatColAnmuAlphaValue_ = 0x205b558
                0x0205b64c                GetMatColAnmValue_ = 0x205b64c
                0x0205b7d8                NNSi_G3dAnmCalcNsBta = 0x205b7d8
                0x0205b824                NNSi_G3dAnmObjInitNsBta = 0x205b824
                0x0205b8d0                GetTexSRTAnm_ = 0x205b8d0
                0x0205b9cc                GetTexSRTAnmSinCosVal_ = 0x205b9cc
                0x0205bad8                GetTexSRTAnmVectorVal_ = 0x205bad8
                0x0205bbd4                NNSi_G3dAnmCalcNsBtp = 0x205bbd4
                0x0205bc54                SetPlttParamaters_ = 0x205bc54
                0x0205bca8                SetTexParamaters_ = 0x205bca8
                0x0205bd90                NNSi_G3dAnmObjInitNsBtp = 0x205bd90
                0x0205be40                NNSi_G3dAnmCalcNsBva = 0x205be40
                0x0205be80                NNSi_G3dAnmObjInitNsBva = 0x205be80
                0x0205cb10                NNSi_G3dSendTexSRT3dsMax = 0x205cb10
                0x0205cc9c                texmtxCalc_flagTRS_ = 0x205cc9c
                0x0205ccc0                texmtxCalc_flagTR_ = 0x205ccc0
                0x0205cd00                texmtxCalc_flagTS_ = 0x205cd00
                0x0205cdac                texmtxCalc_flagT_ = 0x205cdac
                0x0205ce80                texmtxCalc_flagRS_ = 0x205ce80
                0x0205cedc                texmtxCalc_flagR_ = 0x205cedc
                0x0205cf60                texmtxCalc_flagS_ = 0x205cf60
                0x0205d048                texmtxCalc_flag_ = 0x205d048
                0x0205d1a4                EndSleep = 0x205d1a4
                0x0205d1b0                BeginSleep = 0x205d1b0
                0x0205d1e8                NNS_SndMain = 0x205d1e8
                0x0205d218                NNS_SndInit = 0x205d218
                0x0205d2b8                NNSi_SndInitResourceMgr = 0x205d2b8
                0x0205d2e4                NNS_SndFreeAlarm = 0x205d2e4
                0x0205d304                NNS_SndAllocAlarm = 0x205d304
                0x0205d348                NNS_SndUnlockCapture = 0x205d348
                0x0205d364                NNS_SndLockCapture = 0x205d364
                0x0205d388                NNS_SndUnlockChannel = 0x205d388
                0x0205d3b8                NNS_SndLockChannel = 0x205d3b8
                0x0205d400                SetPlayerPriority = 0x205d400
                0x0205d460                PlayerHeapDisposeCallback = 0x205d460
                0x0205d4b0                ShutdownPlayer = 0x205d4b0
                0x0205d53c                AllocSeqPlayer = 0x205d53c
                0x0205d5b0                ForceStopSeq = 0x205d5b0
                0x0205d5e8                InsertPrioList = 0x205d5e8
                0x0205d644                InsertPlayerList = 0x205d644
                0x0205d69c                InitPlayer = 0x205d69c
                0x0205d6e4                NNSi_SndPlayerAllocHeap = 0x205d6e4
                0x0205d738                NNSi_SndPlayerPause = 0x205d738
                0x0205d774                NNSi_SndPlayerStopSeq = 0x205d774
                0x0205d7c4                NNSi_SndPlayerStartSeq = 0x205d7c4
                0x0205d81c                NNSi_SndPlayerFreeSeqPlayer = 0x205d81c
                0x0205d828                NNSi_SndPlayerAllocSeqPlayer = 0x205d828
                0x0205d8d4                NNSi_SndPlayerMain = 0x205d8d4
                0x0205da40                NNSi_SndPlayerInit = 0x205da40
                0x0205daf4                NNS_SndPlayerWriteGlobalVariable = 0x205daf4
                0x0205db0c                NNS_SndPlayerWriteVariable = 0x205db0c
                0x0205db3c                NNS_SndPlayerReadVariable = 0x205db3c
                0x0205db80                NNS_SndPlayerSetSeqArcNo = 0x205db80
                0x0205dba8                NNS_SndPlayerSetSeqNo = 0x205dba8
                0x0205dbc4                NNS_SndPlayerSetTempoRatio = 0x205dbc4
                0x0205dbec                NNS_SndPlayerSetTrackPan = 0x205dbec
                0x0205dc14                NNS_SndPlayerSetTrackPitch = 0x205dc14
                0x0205dc3c                NNS_SndPlayerSetTrackVolume = 0x205dc3c
                0x0205dc9c                NNS_SndPlayerSetChannelPriority = 0x205dc9c
                0x0205dcc4                NNS_SndPlayerMoveVolume = 0x205dcc4
                0x0205dd00                NNS_SndPlayerSetInitialVolume = 0x205dd00
                0x0205dd10                NNS_SndPlayerSetVolume = 0x205dd10
                0x0205dd20                NNS_SndPlayerCountPlayingSeqByPlayerNo = 0x205dd20
                0x0205dd38                NNS_SndHandleReleaseSeq = 0x205dd38
                0x0205dd50                NNS_SndHandleInit = 0x205dd50
                0x0205dd5c                NNS_SndPlayerPauseAll = 0x205dd5c
                0x0205ddb8                NNS_SndPlayerPause = 0x205ddb8
                0x0205ddc8                NNS_SndPlayerStopSeqAll = 0x205ddc8
                0x0205de34                NNS_SndPlayerStopSeqByPlayerNo = 0x205de34
                0x0205de98                NNS_SndPlayerStopSeq = 0x205de98
                0x0205dea8                NNS_SndPlayerCreateHeap = 0x205dea8
                0x0205df3c                NNS_SndPlayerSetAllocatableChannel = 0x205df3c
                0x0205df54                NNS_SndPlayerSetPlayableSeqCount = 0x205df54
                0x0205df74                ShutdownStrm = 0x205df74
                0x0205dfa4                stream_ForceStopStrm = 0x205dfa4
                0x0205e020                NNS_SndStrmSetVolume = 0x205e020
                0x0205e08c                NNS_SndStrmStop = 0x205e08c
                0x0205e0b4                NNS_SndStrmStart = 0x205e0b4
                0x0205e130                CaptureThreadMain = 0x205e130
                0x0205e19c                AlarmCallback = 0x205e19c
                0x0205e29c                NNSi_SndCaptureEndSleep = 0x205e29c
                0x0205e318                NNSi_SndCaptureBeginSleep = 0x205e318
                0x0205e370                NNSi_SndCaptureStop = 0x205e370
                0x0205e464                NNSi_SndCaptureStart = 0x205e464
                0x0205e7bc                NNSi_SndCaptureMain = 0x205e7bc
                0x0205e858                NNSi_SndCaptureInit = 0x205e858
                0x0205e878                NNS_SndCaptureCreateThread = 0x205e878
                0x0205e90c                NNS_SndCaptureStopEffect = 0x205e90c
                0x0205e948                NNS_SndCaptureStartEffect = 0x205e948
                0x0205e9f8                SymbolDisposeCallback = 0x205e9f8
                0x0205ea04                FatDisposeCallback = 0x205ea04
                0x0205ea10                InfoDisposeCallback = 0x205ea10
                0x0205ea1c                NNS_SndArcSetFileAddress = 0x205ea1c
                0x0205ea38                NNS_SndArcGetFileAddress = 0x205ea38
                0x0205ea60                NNS_SndArcReadFile = 0x205ea60
                0x0205ead8                NNS_SndArcGetFileSize = 0x205ead8
                0x0205eb00                NNS_SndArcGetGroupInfo = 0x205eb00
                0x0205eb64                NNS_SndArcGetStrmInfo = 0x205eb64
                0x0205ebc8                NNS_SndArcGetWaveArcInfo = 0x205ebc8
                0x0205ec2c                NNS_SndArcGetBankInfo = 0x205ec2c
                0x0205ec90                NNS_SndArcGetSeqArcInfo = 0x205ec90
                0x0205ecf4                NNS_SndArcGetSeqInfo = 0x205ecf4
                0x0205ed58                NNS_SndArcGetCurrent = 0x205ed58
                0x0205ed68                NNS_SndArcSetCurrent = 0x205ed68
                0x0205ed80                NNS_SndArcInitOnMemory = 0x205ed80
                0x0205ee48                NNS_SndArcSetup = 0x205ee48
                0x0205f034                NNS_SndArcInitWithResult = 0x205f034
                0x0205f0c0                NNS_SndArcInit = 0x205f0c0
                0x0205f13c                EraseSync = 0x205f13c
                0x0205f15c                NewSection = 0x205f15c
                0x0205f1a4                InitHeap = 0x205f1a4
                0x0205f1e0                InitHeapSection = 0x205f1e0
                0x0205f1f0                NNS_SndHeapLoadState = 0x205f1f0
                0x0205f2d4                NNS_SndHeapSaveState = 0x205f2d4
                0x0205f320                NNS_SndHeapAlloc = 0x205f320
                0x0205f388                NNS_SndHeapClear = 0x205f388
                0x0205f444                NNS_SndHeapDestroy = 0x205f444
                0x0205f45c                NNS_SndHeapCreate = 0x205f45c
                0x0205f4e4                LoadSingleWaves = 0x205f4e4
                0x0205f5a8                LoadSingleWave = 0x205f5a8
                0x0205f688                SingleWaveDisposeCallback = 0x205f688
                0x0205f6d8                WaveArcTableDisposeCallback = 0x205f6d8
                0x0205f6f8                WaveArcDisposeCallback = 0x205f6f8
                0x0205f730                BankDisposeCallback = 0x205f730
                0x0205f768                SeqDisposeCallback = 0x205f768
                0x0205f798                DisposeCallback = 0x205f798
                0x0205f7fc                LoadWaveArcTable = 0x205f7fc
                0x0205f91c                LoadWaveArc = 0x205f91c
                0x0205f994                LoadBank = 0x205f994
                0x0205fa0c                LoadSeqArc = 0x205fa0c
                0x0205fa84                LoadSeq = 0x205fa84
                0x0205fafc                NNSi_SndArcLoadFile = 0x205fafc
                0x0205fb9c                NNSi_SndArcLoadWaveArc = 0x205fb9c
                0x0205fc38                NNSi_SndArcLoadBank = 0x205fc38
                0x0205fd80                NNSi_SndArcLoadSeqArc = 0x205fd80
                0x0205fde4                NNSi_SndArcLoadSeq = 0x205fde4
                0x0205fe80                NNSi_SndArcLoadGroup = 0x205fe80
                0x0205ffa8                NNS_SndArcLoadSeq = 0x205ffa8
                0x0205ffdc                NNS_SndArcLoadGroup = 0x205ffdc
                0x0205fffc                StartSeqArc = 0x205fffc
                0x020600c0                StartSeq = 0x20600c0
                0x020601bc                NNS_SndArcPlayerStartSeqArc = 0x20601bc
                0x02060244                NNS_SndArcPlayerStartSeq = 0x2060244
                0x02060290                NNS_SndArcPlayerSetup = 0x2060290
                0x02060330                sndarc_stream_FreeCommandBuffer = 0x2060330
                0x02060364                sndarc_stream_RemoveCommandByPlayer = 0x2060364
                0x020603d4                sndarc_stream_FreeChannel = 0x20603d4
                0x02060410                sndarc_stream_ShutdownPlayer = 0x2060410
                0x02060474                sndarc_stream_ForceStopStrm = 0x2060474
                0x02060510                sndarc_stream_FreePlayer = 0x2060510
                0x0206054c                NNSi_SndArcStrmMain = 0x206054c
                0x02060660                MonoProc = 0x2060660
                0x020606a8                HeadphoneProc = 0x20606a8
                0x020608a0                SurroundProc = 0x20608a0
                0x02060a40                NothingProc = 0x2060a40
                0x02060a44                EffectCallback = 0x2060a44
                0x02060ad8                NNS_SndCaptureChangeOutputEffect = 0x2060ad8
                0x02060bbc                NNS_SndCaptureStopOutputEffect = 0x2060bbc
                0x02060bec                NNS_SndCaptureStartOutputEffect = 0x2060bec
                0x02060c80                NNSi_SndFaderIsFinished = 0x2060c80
                0x02060c98                NNSi_SndFaderUpdate = 0x2060c98
                0x02060cb0                NNSi_SndFaderGet = 0x2060cb0
                0x02060ce4                NNSi_SndFaderSet = 0x2060ce4
                0x02060d10                NNSi_SndFaderInit = 0x2060d10
                0x02060d30                GXx_SetMasterBrightness_ = 0x2060d30
                0x02060d5c                GXS_SetGraphicsMode = 0x2060d5c
                0x02060d78                GX_SetGraphicsMode = 0x2060d78
                0x02060dec                GX_DispOn = 0x2060dec
                0x02060e38                GX_VBlankIntr = 0x2060e38
                0x02060e68                GX_HBlankIntr = 0x2060e68
                0x02060e98                GX_GetSizeOfTexPltt = 0x2060e98
                0x02060eb0                GX_GetSizeOfX_ = 0x2060eb0
                0x02060f04                GX_GetBankForSubOBJ = 0x2060f04
                0x02060f14                GX_GetBankForSubBG = 0x2060f14
                0x02060f24                GX_GetBankForTex = 0x2060f24
                0x02060f34                GX_DisableBankForSubOBJExtPltt = 0x2060f34
                0x02060f5c                GX_DisableBankForSubBGExtPltt = 0x2060f5c
                0x02060f84                GX_DisableBankForSubOBJ = 0x2060f84
                0x02060f98                GX_DisableBankForSubBG = 0x2060f98
                0x02060fac                GX_DisableBankForLCDC = 0x2060fac
                0x02060fc0                GX_DisableBankForARM7 = 0x2060fc0
                0x02060fd4                GX_DisableBankForClearImage = 0x2060fd4
                0x02060fe8                GX_DisableBankForTexPltt = 0x2060fe8
                0x02060ffc                GX_DisableBankForTex = 0x2060ffc
                0x02061010                GX_DisableBankForOBJExtPltt = 0x2061010
                0x02061034                GX_DisableBankForBGExtPltt = 0x2061034
                0x02061058                GX_DisableBankForOBJ = 0x2061058
                0x0206106c                GX_DisableBankForBG = 0x206106c
                0x02061080                disableBankForX_ = 0x2061080
                0x02061164                GX_ResetBankForSubOBJExtPltt = 0x2061164
                0x0206118c                GX_ResetBankForSubBGExtPltt = 0x206118c
                0x020611b4                GX_ResetBankForSubOBJ = 0x20611b4
                0x020611c8                GX_ResetBankForSubBG = 0x20611c8
                0x020611dc                GX_ResetBankForClearImage = 0x20611dc
                0x020611f0                GX_ResetBankForTexPltt = 0x20611f0
                0x02061204                GX_ResetBankForTex = 0x2061204
                0x02061218                GX_ResetBankForOBJExtPltt = 0x2061218
                0x0206123c                GX_ResetBankForBGExtPltt = 0x206123c
                0x02061260                GX_ResetBankForOBJ = 0x2061260
                0x02061274                GX_ResetBankForBG = 0x2061274
                0x02061288                resetBankForX_ = 0x2061288
                0x020612c0                GX_SetBankForSubBGExtPltt = 0x20612c0
                0x0206134c                GX_SetBankForSubOBJ = 0x206134c
                0x020613c8                GX_SetBankForSubBG = 0x20613c8
                0x02061474                GX_SetBankForLCDC = 0x2061474
                0x02061494                GX_SetBankForTexPltt = 0x2061494
                0x02061588                GX_SetBankForTex = 0x2061588
                0x0206178c                GX_SetBankForOBJExtPltt = 0x206178c
                0x02061844                GX_SetBankForBGExtPltt = 0x2061844
                0x02061958                GX_SetBankForOBJ = 0x2061958
                0x02061ac4                GX_SetBankForBG = 0x2061ac4
                0x02061d7c                GX_VRAMCNT_SetLCDC_ = 0x2061d7c
                0x02061e34                G2S_GetBG3CharPtr = 0x2061e34
                0x02061e84                G2_GetBG3CharPtr = 0x2061e84
                0x02061ee4                G2S_GetBG2CharPtr = 0x2061ee4
                0x02061f2c                G2_GetBG2CharPtr = 0x2061f2c
                0x02061f84                G2S_GetBG1CharPtr = 0x2061f84
                0x02061fa4                G2_GetBG1CharPtr = 0x2061fa4
                0x02061fd8                G2S_GetBG0CharPtr = 0x2061fd8
                0x02061ff8                G2_GetBG0CharPtr = 0x2061ff8
                0x0206202c                G2S_GetBG3ScrPtr = 0x206202c
                0x020620ac                G2_GetBG3ScrPtr = 0x20620ac
                0x02062138                G2S_GetBG2ScrPtr = 0x2062138
                0x020621b8                G2_GetBG2ScrPtr = 0x20621b8
                0x02062244                G2S_GetBG1ScrPtr = 0x2062244
                0x02062264                G2_GetBG1ScrPtr = 0x2062264
                0x02062298                G2S_GetBG0ScrPtr = 0x2062298
                0x020622b8                G2_GetBG0ScrPtr = 0x20622b8
                0x020622ec                G2x_SetBlendBrightness_ = 0x20622ec
                0x02062310                G2x_SetBlendAlpha_ = 0x2062310
                0x0206232c                G2x_SetBGyAffine = 0x206232c
                0x020623e0                G3_MultMtx33 = 0x20623e0
                0x020623fc                G3_MultMtx43 = 0x20623fc
                0x02062418                G3_LoadMtx43 = 0x2062418
                0x02062434                GXi_NopClearFifo128_ = 0x2062434
                0x020624c8                G3X_SetHOffset = 0x20624c8
                0x020624d8                G3X_GetMtxStackLevelPJ = 0x20624d8
                0x02062504                G3X_GetMtxStackLevelPV = 0x2062504
                0x02062530                G3X_InitTable = 0x2062530
                0x020625d8                G3X_SetClearColor = 0x20625d8
                0x02062608                G3X_SetToonTable = 0x2062608
                0x02062620                G3X_SetFogTable = 0x2062620
                0x02062634                G3X_GetVectorMtx = 0x2062634
                0x0206267c                G3X_GetClipMtx = 0x206267c
                0x020626c4                G3X_SetFog = 0x20626c4
                0x02062718                G3X_ResetMtxStack = 0x2062718
                0x020627c4                G3X_InitMtxStack = 0x20627c4
                0x02062874                G3X_ClearFifo = 0x2062874
                0x020628a8                G3X_Reset = 0x20628a8
                0x02062930                G3X_Init = 0x2062930
                0x02062a8c                G3_RotZ = 0x2062a8c
                0x02062ac8                G3i_LookAt_ = 0x2062ac8
                0x02062c60                G3i_OrthoW_ = 0x2062c60
                0x02062f5c                G3i_PerspectiveW_ = 0x2062f5c
                0x0206320c                GXS_BeginLoadBGExtPltt = 0x206320c
                0x0206314c                GXS_EndLoadBGExtPltt = 0x206314c
                0x02063198                GXS_LoadBGExtPltt = 0x2063198
                0x02063230                GX_EndLoadOBJExtPltt = 0x2063230
                0x02063288                GX_LoadOBJExtPltt = 0x2063288
                0x020632fc                GX_BeginLoadOBJExtPltt = 0x20632fc
                0x0206336c                GX_EndLoadBGExtPltt = 0x206336c
                0x020633d0                GX_LoadBGExtPltt = 0x20633d0
                0x02063450                GX_BeginLoadBGExtPltt = 0x2063450
                0x02063554                GX_LoadBG1Char = 0x2063554
                0x020635bc                GXS_LoadBG0Char = 0x20635bc
                0x02063624                GXS_LoadBG3Scr = 0x2063624
                0x0206368c                GX_LoadBG3Scr = 0x206368c
                0x020636f4                GXS_LoadBG2Scr = 0x20636f4
                0x0206375c                GX_LoadBG2Scr = 0x206375c
                0x020637c4                GX_LoadBG1Scr = 0x20637c4
                0x0206382c                GXS_LoadBG0Scr = 0x206382c
                0x02063894                GXS_LoadOBJ = 0x2063894
                0x020638f4                GXS_LoadOAM = 0x20638f4
                0x0206395c                GX_LoadOAM = 0x206395c
                0x020639b8                GXS_LoadOBJPltt = 0x20639b8
                0x02063a20                GX_LoadOBJPltt = 0x2063a20
                0x02063a88                GXS_LoadBGPltt = 0x2063a88
                0x02063af0                GX_LoadBGPltt = 0x2063af0
                0x02063b4c                GX_EndLoadTexPltt = 0x2063b4c
                0x02063ba4                GX_LoadTexPltt = 0x2063ba4
                0x02063c18                GX_BeginLoadTexPltt = 0x2063c18
                0x02063c60                GX_EndLoadTex = 0x2063c60
                0x02063cd0                GX_LoadTex = 0x2063cd0
                0x02063e34                GX_BeginLoadTex = 0x2063e34
                0x02063eb4                GX_SendFifo48B = 0x2063eb4
                0x02063ed8                OS_GetIrqStackStatus = 0x2063ed8
[...]
                0x02191c80                hook_020BCFCC_ov_00()
                0x02191cb0                BackgroundSwapper_Rewrite_BG(BackgroundSwapper*)
                0x02191e0c                BackgroundSwapper_Rewrite_FG(BackgroundSwapper*)
                0x02191ef0                BackgroundSwapper_Rewrite_TS(BackgroundSwapper*)
                0x02191f98                BackgroundSwapper_DoSwapping(BackgroundSwapper*)
                0x02192070                BackgroundSwapper_CheckIfClose(BackgroundSwapper*)
                0x021920bc                BackgroundSwapper_OnCreate
                0x021920e4                BackgroundSwapper_OnExecute
                0x0219210c                BackgroundSwapper_OnDraw
                0x02192114                BackgroundSwapper_OnDelete
 .text          0x0219211c       0xf0 BossLoad.o
 .text          0x0219220c       0xb4 beta_mushrooms.o
 .text          0x021922c0       0x24 debugscreen.o
 .text          0x021922e4       0x68 model_color_swap.o
 .text          0x0219234c      0x100 nofreeze.o
 .text          0x0219244c       0x6c ramviewer_asm.o
 .text          0x021924b8       0x8c gx_vramcnt.o
                0x021924b8                GX_SetBankForSubOBJExtPltt
 .text          0x02192544       0x9c model3d_draw.o
                0x02192544                model3d_draw
 .text          0x021925e0       0xfc nocashPrint.o
                0x021925e0                nocashPrint4
                0x021925e0                nocashPrint2
                0x021925e0                nocashPrint
                0x021925e0                nocashPrint3
                0x021925e0                nocashPrint1
 .text          0x021926dc       0x8c ostreambuffer.o
                0x021926dc                ostream::stream_buffer(unsigned long long)
                0x021926dc                ostream::stream_buffer(unsigned int)
                0x021926e8                ostream::buffer_arr_char
                0x021926e8                ostream::buffer_arr_u32
 .text          0x02192768      0x198 BackgroundSwapper_asm.o
 .text          0x02192900      0x114 C:/msys32/opt/devkitpro/devkitARM/lib/gcc/arm-none-eabi/9.1.0\libgcc.a(_udivsi3.o)
                0x02192900                __aeabi_uidiv
                0x02192900                __udivsi3
                0x021929f4                __aeabi_uidivmod
 .text          0x02192a14        0x4 C:/msys32/opt/devkitpro/devkitARM/lib/gcc/arm-none-eabi/9.1.0\libgcc.a(_dvmd_tls.o)
                0x02192a14                __aeabi_idiv0
                0x02192a14                __aeabi_ldiv0
 *(.ctors)
 *(.dtors)
 *(.rodata)
 .rodata        0x02192a18        0xc stage_oam_bg.o
 .rodata        0x02192a24        0x4 BackgroundSwapper.o
                0x02192a24                BackgroundSwapper_ActorSize
 *(.fini)
 *(COMMON)
                0x02192a28                __text_end = .
                0x02192a28                __bss_start__ = .
 *(.bss)
 .bss           0x02192a28        0x0 beta_pipe_cannon.o
 .bss           0x02192a28        0x0 main_menu_scene.o
 .bss           0x02192a28        0x0 misc.o
 .bss           0x02192a28        0x0 player_anims.o
 .bss           0x02192a28        0x4 player_start.o
 .bss           0x02192a2c        0x4 ramviewer.o
                0x02192a2c                count
 .bss           0x02192a30        0x8 red_ring.o
 .bss           0x02192a38        0xe stage_inv_items.o
 .bss           0x02192a46        0x0 stage_oam_bg.o
 *fill*         0x02192a46        0x2 1234
 .bss           0x02192a48        0x1 ostream.o
                0x02192a48                cout
 .bss           0x02192a49        0x3 BackgroundSwapper.o
 .bss           0x02192a4c        0x0 BossLoad.o
 .bss           0x02192a4c        0x0 beta_mushrooms.o
 .bss           0x02192a4c        0x0 debugscreen.o
 .bss           0x02192a4c        0x0 model_color_swap.o
 .bss           0x02192a4c        0x0 nofreeze.o
 .bss           0x02192a4c        0x0 ramviewer_asm.o
 .bss           0x02192a4c        0x0 gx_vramcnt.o
 .bss           0x02192a4c        0x0 model3d_draw.o
 .bss           0x02192a4c        0x0 nocashPrint.o
 .bss           0x02192a4c        0x0 ostreambuffer.o
 .bss           0x02192a4c        0x0 BackgroundSwapper_asm.o
 .bss           0x02192a4c        0x0 C:/msys32/opt/devkitpro/devkitARM/lib/gcc/arm-none-eabi/9.1.0\libgcc.a(_udivsi3.o)
 .bss           0x02192a4c        0x0 C:/msys32/opt/devkitpro/devkitARM/lib/gcc/arm-none-eabi/9.1.0\libgcc.a(_dvmd_tls.o)
                0x02192a4c                __bss_end__ = .
                0x02192a4c                _end = __bss_end__
                0x02192a4c                __end__ = __bss_end__
Address of section .text set to 0x21901e0
LOAD beta_pipe_cannon.o
LOAD main_menu_scene.o
LOAD misc.o
LOAD player_anims.o
LOAD player_start.o
LOAD ramviewer.o
LOAD red_ring.o
LOAD stage_inv_items.o
LOAD stage_oam_bg.o
LOAD ostream.o
LOAD BackgroundSwapper.o
LOAD BossLoad.o
LOAD beta_mushrooms.o
LOAD debugscreen.o
LOAD model_color_swap.o
LOAD nofreeze.o
LOAD ramviewer_asm.o
LOAD gx_vramcnt.o
LOAD model3d_draw.o
LOAD nocashPrint.o
LOAD ostreambuffer.o
LOAD BackgroundSwapper_asm.o
LOAD C:/msys32/opt/devkitpro/devkitARM/arm-none-eabi/lib\libc.a
LOAD C:/msys32/opt/devkitpro/devkitARM/lib/gcc/arm-none-eabi/9.1.0\libgcc.a
OUTPUT(C:/Users/david/Documents/nsmb-e3-rec/newcode.elf elf32-littlearm)

.data           0x02192a4c       0xa2
 .data          0x02192a4c        0x0 beta_pipe_cannon.o
 .data          0x02192a4c        0x0 main_menu_scene.o
 .data          0x02192a4c        0x0 misc.o
 .data          0x02192a4c        0x0 player_anims.o
 .data          0x02192a4c        0x0 player_start.o
 .data          0x02192a4c        0x8 ramviewer.o
                0x02192a4c                ptr
                0x02192a50                pos
 .data          0x02192a54        0x0 red_ring.o
 .data          0x02192a54        0x0 stage_inv_items.o
 .data          0x02192a54       0x98 stage_oam_bg.o
                0x02192a84                oam_luigiHead
                0x02192aa4                oam_marioHead
 .data          0x02192aec        0x0 ostream.o
 .data          0x02192aec        0x0 BackgroundSwapper.o
 .data          0x02192aec        0x0 BossLoad.o
 .data          0x02192aec        0x0 beta_mushrooms.o
 .data          0x02192aec        0x0 debugscreen.o
 .data          0x02192aec        0x2 model_color_swap.o
                0x02192aec                RedRingColor
 .data          0x02192aee        0x0 nofreeze.o
 .data          0x02192aee        0x0 ramviewer_asm.o
 .data          0x02192aee        0x0 gx_vramcnt.o
 .data          0x02192aee        0x0 model3d_draw.o
 .data          0x02192aee        0x0 nocashPrint.o
 .data          0x02192aee        0x0 ostreambuffer.o
 .data          0x02192aee        0x0 BackgroundSwapper_asm.o
 .data          0x02192aee        0x0 C:/msys32/opt/devkitpro/devkitARM/lib/gcc/arm-none-eabi/9.1.0\libgcc.a(_udivsi3.o)
 .data          0x02192aee        0x0 C:/msys32/opt/devkitpro/devkitARM/lib/gcc/arm-none-eabi/9.1.0\libgcc.a(_dvmd_tls.o)

.igot.plt       0x02192af0        0x0
 .igot.plt      0x02192af0        0x0 beta_pipe_cannon.o

.glue_7         0x02192af0        0x0
 .glue_7        0x02192af0        0x0 linker stubs

.glue_7t        0x02192af0        0x0
 .glue_7t       0x02192af0        0x0 linker stubs

.vfp11_veneer   0x02192af0        0x0
 .vfp11_veneer  0x02192af0        0x0 linker stubs

.v4_bx          0x02192af0        0x0
 .v4_bx         0x02192af0        0x0 linker stubs

.iplt           0x02192af0        0x0
 .iplt          0x02192af0        0x0 beta_pipe_cannon.o

.rel.dyn        0x02192af0        0x0
 .rel.iplt      0x02192af0        0x0 beta_pipe_cannon.o

.rodata.str1.4  0x02192af0       0xe8
 .rodata.str1.4
                0x02192af0       0xe8 ramviewer.o
                                 0xe5 (size before relaxing)

.debug_info     0x00000000    0x2df6b
 .debug_info    0x00000000     0x6ba3 beta_pipe_cannon.o
 .debug_info    0x00006ba3     0x2b4b main_menu_scene.o
 .debug_info    0x000096ee     0x4992 misc.o
 .debug_info    0x0000e080     0x6644 player_anims.o
 .debug_info    0x000146c4     0x1ebd player_start.o
 .debug_info    0x00016581     0x14c4 ramviewer.o
 .debug_info    0x00017a45     0x4bde red_ring.o
 .debug_info    0x0001c623     0x6a52 stage_inv_items.o
 .debug_info    0x00023075     0x34fb stage_oam_bg.o
 .debug_info    0x00026570      0x5ac ostream.o
 .debug_info    0x00026b1c     0x72ad BackgroundSwapper.o
 .debug_info    0x0002ddc9       0x26 BossLoad.o
 .debug_info    0x0002ddef       0x26 beta_mushrooms.o
 .debug_info    0x0002de15       0x26 debugscreen.o
 .debug_info    0x0002de3b       0x26 model_color_swap.o
 .debug_info    0x0002de61       0x26 nofreeze.o
 .debug_info    0x0002de87       0x26 ramviewer_asm.o
 .debug_info    0x0002dead       0x26 gx_vramcnt.o
 .debug_info    0x0002ded3       0x26 model3d_draw.o
 .debug_info    0x0002def9       0x26 nocashPrint.o
 .debug_info    0x0002df1f       0x26 ostreambuffer.o
 .debug_info    0x0002df45       0x26 BackgroundSwapper_asm.o

.debug_abbrev   0x00000000     0x379f
 .debug_abbrev  0x00000000      0x4b5 beta_pipe_cannon.o
 .debug_abbrev  0x000004b5      0x59e main_menu_scene.o
 .debug_abbrev  0x00000a53      0x564 misc.o
 .debug_abbrev  0x00000fb7      0x4bb player_anims.o
 .debug_abbrev  0x00001472      0x49e player_start.o
 .debug_abbrev  0x00001910      0x360 ramviewer.o
 .debug_abbrev  0x00001c70      0x628 red_ring.o
 .debug_abbrev  0x00002298      0x5d6 stage_inv_items.o
 .debug_abbrev  0x0000286e      0x68b stage_oam_bg.o
 .debug_abbrev  0x00002ef9      0x189 ostream.o
 .debug_abbrev  0x00003082      0x641 BackgroundSwapper.o
 .debug_abbrev  0x000036c3       0x14 BossLoad.o
 .debug_abbrev  0x000036d7       0x14 beta_mushrooms.o
 .debug_abbrev  0x000036eb       0x14 debugscreen.o
 .debug_abbrev  0x000036ff       0x14 model_color_swap.o
 .debug_abbrev  0x00003713       0x14 nofreeze.o
 .debug_abbrev  0x00003727       0x14 ramviewer_asm.o
 .debug_abbrev  0x0000373b       0x14 gx_vramcnt.o
 .debug_abbrev  0x0000374f       0x14 model3d_draw.o
 .debug_abbrev  0x00003763       0x14 nocashPrint.o
 .debug_abbrev  0x00003777       0x14 ostreambuffer.o
 .debug_abbrev  0x0000378b       0x14 BackgroundSwapper_asm.o

.debug_loc      0x00000000     0x276c
 .debug_loc     0x00000000       0xd8 beta_pipe_cannon.o
 .debug_loc     0x000000d8      0x482 main_menu_scene.o
 .debug_loc     0x0000055a       0xa8 misc.o
 .debug_loc     0x00000602      0x284 player_anims.o
 .debug_loc     0x00000886      0x134 player_start.o
 .debug_loc     0x000009ba       0x47 ramviewer.o
 .debug_loc     0x00000a01      0x448 red_ring.o
 .debug_loc     0x00000e49      0x6d7 stage_inv_items.o
 .debug_loc     0x00001520      0xc5a stage_oam_bg.o
 .debug_loc     0x0000217a      0x18e ostream.o
 .debug_loc     0x00002308      0x464 BackgroundSwapper.o

.debug_aranges  0x00000000      0x2c0
 .debug_aranges
                0x00000000       0x20 beta_pipe_cannon.o
 .debug_aranges
                0x00000020       0x20 main_menu_scene.o
 .debug_aranges
                0x00000040       0x20 misc.o
 .debug_aranges
                0x00000060       0x20 player_anims.o
 .debug_aranges
                0x00000080       0x20 player_start.o
 .debug_aranges
                0x000000a0       0x20 ramviewer.o
 .debug_aranges
                0x000000c0       0x20 red_ring.o
 .debug_aranges
                0x000000e0       0x20 stage_inv_items.o
 .debug_aranges
                0x00000100       0x20 stage_oam_bg.o
 .debug_aranges
                0x00000120       0x20 ostream.o
 .debug_aranges
                0x00000140       0x20 BackgroundSwapper.o
 .debug_aranges
                0x00000160       0x20 BossLoad.o
 .debug_aranges
                0x00000180       0x20 beta_mushrooms.o
 .debug_aranges
                0x000001a0       0x20 debugscreen.o
 .debug_aranges
                0x000001c0       0x20 model_color_swap.o
 .debug_aranges
                0x000001e0       0x20 nofreeze.o
 .debug_aranges
                0x00000200       0x20 ramviewer_asm.o
 .debug_aranges
                0x00000220       0x20 gx_vramcnt.o
 .debug_aranges
                0x00000240       0x20 model3d_draw.o
 .debug_aranges
                0x00000260       0x20 nocashPrint.o
 .debug_aranges
                0x00000280       0x20 ostreambuffer.o
 .debug_aranges
                0x000002a0       0x20 BackgroundSwapper_asm.o

.debug_ranges   0x00000000      0xb40
 .debug_ranges  0x00000000       0x10 beta_pipe_cannon.o
 .debug_ranges  0x00000010      0x288 main_menu_scene.o
 .debug_ranges  0x00000298       0x28 player_anims.o
 .debug_ranges  0x000002c0       0x50 player_start.o
 .debug_ranges  0x00000310       0x50 ramviewer.o
 .debug_ranges  0x00000360       0x38 red_ring.o
 .debug_ranges  0x00000398      0x1e8 stage_inv_items.o
 .debug_ranges  0x00000580      0x4b0 stage_oam_bg.o
 .debug_ranges  0x00000a30       0x58 ostream.o
 .debug_ranges  0x00000a88       0xb8 BackgroundSwapper.o

.debug_line     0x00000000     0x695b
 .debug_line    0x00000000      0x754 beta_pipe_cannon.o
 .debug_line    0x00000754      0xeaa main_menu_scene.o
 .debug_line    0x000015fe      0x7f0 misc.o
 .debug_line    0x00001dee      0x745 player_anims.o
 .debug_line    0x00002533      0x751 player_start.o
 .debug_line    0x00002c84      0x7b7 ramviewer.o
 .debug_line    0x0000343b      0x8d0 red_ring.o
 .debug_line    0x00003d0b      0x971 stage_inv_items.o
 .debug_line    0x0000467c      0xe59 stage_oam_bg.o
 .debug_line    0x000054d5      0x32d ostream.o
 .debug_line    0x00005802      0xb29 BackgroundSwapper.o
 .debug_line    0x0000632b       0xa8 BossLoad.o
 .debug_line    0x000063d3       0x98 beta_mushrooms.o
 .debug_line    0x0000646b       0x71 debugscreen.o
 .debug_line    0x000064dc       0x89 model_color_swap.o
 .debug_line    0x00006565       0xac nofreeze.o
 .debug_line    0x00006611       0x88 ramviewer_asm.o
 .debug_line    0x00006699       0x92 gx_vramcnt.o
 .debug_line    0x0000672b       0x95 model3d_draw.o
 .debug_line    0x000067c0       0x8d nocashPrint.o
 .debug_line    0x0000684d       0x72 ostreambuffer.o
 .debug_line    0x000068bf       0x9c BackgroundSwapper_asm.o

.debug_str      0x00000000     0x6d46
 .debug_str     0x00000000     0x3cb2 beta_pipe_cannon.o
                               0x4041 (size before relaxing)
 .debug_str     0x00003cb2     0x141f main_menu_scene.o
                               0x2254 (size before relaxing)
 .debug_str     0x000050d1      0x485 misc.o
                               0x31b5 (size before relaxing)
 .debug_str     0x00005556      0x1ce player_anims.o
                               0x3ce9 (size before relaxing)
 .debug_str     0x00005724      0x196 player_start.o
                               0x14a0 (size before relaxing)
 .debug_str     0x000058ba       0xb7 ramviewer.o
                                0xdec (size before relaxing)
 .debug_str     0x00005971      0x416 red_ring.o
                               0x3033 (size before relaxing)
 .debug_str     0x00005d87      0x275 stage_inv_items.o
                               0x3ddb (size before relaxing)
 .debug_str     0x00005ffc      0x5bf stage_oam_bg.o
                               0x21c3 (size before relaxing)
 .debug_str     0x000065bb       0x80 ostream.o
                                0x46d (size before relaxing)
 .debug_str     0x0000663b      0x455 BackgroundSwapper.o
                               0x4360 (size before relaxing)
 .debug_str     0x00006a90       0x43 BossLoad.o
                                 0x6e (size before relaxing)
 .debug_str     0x00006ad3       0x3d beta_mushrooms.o
                                 0x74 (size before relaxing)
 .debug_str     0x00006b10       0x3a debugscreen.o
                                 0x71 (size before relaxing)
 .debug_str     0x00006b4a       0x3f model_color_swap.o
                                 0x76 (size before relaxing)
 .debug_str     0x00006b89       0x37 nofreeze.o
                                 0x6e (size before relaxing)
 .debug_str     0x00006bc0       0x3c ramviewer_asm.o
                                 0x73 (size before relaxing)
 .debug_str     0x00006bfc       0x3f gx_vramcnt.o
                                 0x76 (size before relaxing)
 .debug_str     0x00006c3b       0x40 model3d_draw.o
                                 0x77 (size before relaxing)
 .debug_str     0x00006c7b       0x3f nocashPrint.o
                                 0x76 (size before relaxing)
 .debug_str     0x00006cba       0x41 ostreambuffer.o
                                 0x78 (size before relaxing)
 .debug_str     0x00006cfb       0x4b BackgroundSwapper_asm.o
                                 0x82 (size before relaxing)

.comment        0x00000000       0x22
 .comment       0x00000000       0x22 beta_pipe_cannon.o
                                 0x23 (size before relaxing)
 .comment       0x00000022       0x23 main_menu_scene.o
 .comment       0x00000022       0x23 misc.o
 .comment       0x00000022       0x23 player_anims.o
 .comment       0x00000022       0x23 player_start.o
 .comment       0x00000022       0x23 ramviewer.o
 .comment       0x00000022       0x23 red_ring.o
 .comment       0x00000022       0x23 stage_inv_items.o
 .comment       0x00000022       0x23 stage_oam_bg.o
 .comment       0x00000022       0x23 ostream.o
 .comment       0x00000022       0x23 BackgroundSwapper.o

.ARM.attributes
                0x00000000       0x25
 .ARM.attributes
                0x00000000       0x27 beta_pipe_cannon.o
 .ARM.attributes
                0x00000027       0x27 main_menu_scene.o
 .ARM.attributes
                0x0000004e       0x27 misc.o
 .ARM.attributes
                0x00000075       0x27 player_anims.o
 .ARM.attributes
                0x0000009c       0x27 player_start.o
 .ARM.attributes
                0x000000c3       0x27 ramviewer.o
 .ARM.attributes
                0x000000ea       0x27 red_ring.o
 .ARM.attributes
                0x00000111       0x27 stage_inv_items.o
 .ARM.attributes
                0x00000138       0x27 stage_oam_bg.o
 .ARM.attributes
                0x0000015f       0x27 ostream.o
 .ARM.attributes
                0x00000186       0x27 BackgroundSwapper.o
 .ARM.attributes
                0x000001ad       0x1b BossLoad.o
 .ARM.attributes
                0x000001c8       0x1b beta_mushrooms.o
 .ARM.attributes
                0x000001e3       0x1b debugscreen.o
 .ARM.attributes
                0x000001fe       0x1b model_color_swap.o
 .ARM.attributes
                0x00000219       0x1b nofreeze.o
 .ARM.attributes
                0x00000234       0x1b ramviewer_asm.o
 .ARM.attributes
                0x0000024f       0x1b gx_vramcnt.o
 .ARM.attributes
                0x0000026a       0x1b model3d_draw.o
 .ARM.attributes
                0x00000285       0x1b nocashPrint.o
 .ARM.attributes
                0x000002a0       0x1b ostreambuffer.o
 .ARM.attributes
                0x000002bb       0x1b BackgroundSwapper_asm.o
 .ARM.attributes
                0x000002d6       0x1c C:/msys32/opt/devkitpro/devkitARM/lib/gcc/arm-none-eabi/9.1.0\libgcc.a(_udivsi3.o)
 .ARM.attributes
                0x000002f2       0x1c C:/msys32/opt/devkitpro/devkitARM/lib/gcc/arm-none-eabi/9.1.0\libgcc.a(_dvmd_tls.o)

.debug_frame    0x00000000      0x950
 .debug_frame   0x00000000       0x7c beta_pipe_cannon.o
 .debug_frame   0x0000007c      0x144 main_menu_scene.o
 .debug_frame   0x000001c0      0x1a0 misc.o
 .debug_frame   0x00000360       0x88 player_anims.o
 .debug_frame   0x000003e8       0x5c player_start.o
 .debug_frame   0x00000444       0x3c ramviewer.o
 .debug_frame   0x00000480      0x118 red_ring.o
 .debug_frame   0x00000598      0x11c stage_inv_items.o
 .debug_frame   0x000006b4      0x114 stage_oam_bg.o
 .debug_frame   0x000007c8       0x5c ostream.o
 .debug_frame   0x00000824      0x12c BackgroundSwapper.o
